
15:52:31
              total        used        free      shared  buff/cache   available
Mem:          465Mi       100Mi       291Mi       1.0Mi        73Mi       352Mi
Swap:         819Mi        79Mi       740Mi
      1 root      19   0 175016  3468 S  0.0  0.7    01:40:29

   3427 root      20   0  240348   6072   1724 R  38.9   1.3   0:00.11 bash
   3428 root      20   0  240744   6340   1724 R  38.9   1.3   0:00.13 bash
   1052 root      20   0  705424   4072   2324 S   5.6   0.9   0:02.33 tuned
      1 root      20   0  175016   3468   2924 S   0.0   0.7   0:01.21 systemd
      2 root      20   0       0      0      0 S   0.0   0.0   0:00.01 kthreadd
15:52:33
              total        used        free      shared  buff/cache   available
Mem:          465Mi       134Mi       257Mi       1.0Mi        73Mi       317Mi
Swap:         819Mi        79Mi       740Mi
      1 root      19   0 175016  3468 S  0.0  0.7    01:40:30

   3428 root      20   0  257904  23500   1724 R  43.8   4.9   0:00.70 bash
   3427 root      20   0  257640  23232   1724 R  37.5   4.9   0:00.69 bash
      1 root      20   0  175016   3468   2924 S   0.0   0.7   0:01.21 systemd
      2 root      20   0       0      0      0 S   0.0   0.0   0:00.01 kthreadd
      3 root       0 -20       0      0      0 I   0.0   0.0   0:00.00 rcu_gp
15:52:34
              total        used        free      shared  buff/cache   available
Mem:          465Mi       167Mi       223Mi       1.0Mi        73Mi       284Mi
Swap:         819Mi        79Mi       740Mi
      1 root      19   0 175016  3468 S  0.0  0.7    01:40:32

   3427 root      20   0  275460  41184   1724 R  36.8   8.6   0:01.28 bash
   3428 root      20   0  275856  41452   1724 R  36.8   8.7   0:01.30 bash
      1 root      20   0  175016   3468   2924 S   0.0   0.7   0:01.21 systemd
      2 root      20   0       0      0      0 S   0.0   0.0   0:00.01 kthreadd
      3 root       0 -20       0      0      0 I   0.0   0.0   0:00.00 rcu_gp
15:52:36
              total        used        free      shared  buff/cache   available
Mem:          465Mi       202Mi       188Mi       1.0Mi        73Mi       249Mi
Swap:         819Mi        79Mi       740Mi
      1 root      19   0 175016  3468 S  0.0  0.7    01:40:33

   3428 root      20   0  293280  58876   1724 R  44.4  12.4   0:01.89 bash
   3427 root      20   0  293016  58608   1724 R  33.3  12.3   0:01.87 bash
      1 root      20   0  175016   3468   2924 S   0.0   0.7   0:01.21 systemd
      2 root      20   0       0      0      0 S   0.0   0.0   0:00.01 kthreadd
      3 root       0 -20       0      0      0 I   0.0   0.0   0:00.00 rcu_gp
15:52:37
              total        used        free      shared  buff/cache   available
Mem:          465Mi       237Mi       153Mi       1.0Mi        73Mi       214Mi
Swap:         819Mi        79Mi       740Mi
      1 root      19   0 175016  3468 S  0.0  0.7    01:40:34

   3427 root      20   0  311628  77088   1724 R  50.0  16.2   0:02.49 bash
   3428 root      20   0  310308  76036   1724 R  30.0  16.0   0:02.48 bash
      1 root      20   0  175016   3468   2924 S   0.0   0.7   0:01.21 systemd
      2 root      20   0       0      0      0 S   0.0   0.0   0:00.01 kthreadd
      3 root       0 -20       0      0      0 I   0.0   0.0   0:00.00 rcu_gp
15:52:38
              total        used        free      shared  buff/cache   available
Mem:          465Mi       272Mi       119Mi       1.0Mi        73Mi       179Mi
Swap:         819Mi        79Mi       740Mi
      1 root      19   0 175016  3468 S  0.0  0.7    01:40:36

   3427 root      20   0  328920  94512   1724 R  44.4  19.8   0:03.07 bash
   3428 root      20   0  328128  93724   1724 R  44.4  19.7   0:03.09 bash
   1402 root      20   0  237576   3756   2424 S   5.6   0.8   0:00.37 bash
      1 root      20   0  175016   3468   2924 S   0.0   0.7   0:01.21 systemd
      2 root      20   0       0      0      0 S   0.0   0.0   0:00.01 kthreadd
15:52:40
              total        used        free      shared  buff/cache   available
Mem:          465Mi       306Mi        84Mi       1.0Mi        73Mi       145Mi
Swap:         819Mi        79Mi       740Mi
      1 root      19   0 175016  3468 S  0.0  0.7    01:40:37

   3428 root      20   0  345420 110884   1724 R  43.8  23.3   0:03.66 bash
   3427 root      20   0  346212 111936   1724 R  37.5  23.5   0:03.64 bash
   1052 root      20   0  705424   4560   2660 S   6.2   1.0   0:02.35 tuned
      1 root      20   0  175016   3468   2924 S   0.0   0.7   0:01.21 systemd
      2 root      20   0       0      0      0 S   0.0   0.0   0:00.01 kthreadd
15:52:41
              total        used        free      shared  buff/cache   available
Mem:          465Mi       340Mi        50Mi       1.0Mi        73Mi       111Mi
Swap:         819Mi        79Mi       740Mi
      1 root      19   0 175016  3468 S  0.0  0.7    01:40:38

   3427 root      20   0  364032 129624   1724 R  43.8  27.2   0:04.24 bash
   3428 root      20   0  362712 128308   1724 R  37.5  26.9   0:04.24 bash
      1 root      20   0  175016   3468   2924 S   0.0   0.7   0:01.21 systemd
      2 root      20   0       0      0      0 S   0.0   0.0   0:00.01 kthreadd
      3 root       0 -20       0      0      0 I   0.0   0.0   0:00.00 rcu_gp
15:52:42
              total        used        free      shared  buff/cache   available
Mem:          465Mi       375Mi        16Mi       1.0Mi        73Mi        72Mi
Swap:         819Mi        79Mi       740Mi
      1 root      19   0 175016  3468 S  0.0  0.7    01:40:40

   3427 root      20   0  381588 147312   1724 R  37.5  30.9   0:04.82 bash
   3428 root      20   0  380004 145732   1724 R  37.5  30.6   0:04.83 bash
      1 root      20   0  175016   3468   2924 S   0.0   0.7   0:01.21 systemd
      2 root      20   0       0      0      0 S   0.0   0.0   0:00.01 kthreadd
      3 root       0 -20       0      0      0 I   0.0   0.0   0:00.00 rcu_gp
15:52:45
              total        used        free      shared  buff/cache   available
Mem:          465Mi       407Mi        10Mi       1.0Mi        47Mi        33Mi
Swap:         819Mi       124Mi       695Mi
      1 root      19   0 175016  1904 S  0.0  0.3    01:40:43

   3427 root      20   0  429768 159136   1180 R  52.9  33.4   0:06.41 bash
   3428 root      20   0  427656 157048   1180 R  35.3  33.0   0:06.42 bash
      1 root      20   0  175016   1816   1272 S   0.0   0.4   0:01.21 systemd
      2 root      20   0       0      0      0 S   0.0   0.0   0:00.01 kthreadd
      3 root       0 -20       0      0      0 I   0.0   0.0   0:00.00 rcu_gp
15:52:48
              total        used        free      shared  buff/cache   available
Mem:          465Mi       405Mi       9.0Mi       1.0Mi        49Mi        46Mi
Swap:         819Mi       181Mi       638Mi
      1 root      19   0 175016  1732 S  0.0  0.3    01:40:45

   3427 root      20   0  446664 156288   1180 R  29.4  32.8   0:06.97 bash
   3428 root      20   0  444420 154264   1180 R  23.5  32.4   0:06.99 bash
     34 root       0 -20       0      0      0 I   5.9   0.0   0:02.88 kworker/0:1H-kblockd
   1052 root      20   0  705424   2936   1036 S   5.9   0.6   0:02.37 tuned
      1 root      20   0  175016   1704   1160 S   0.0   0.4   0:01.21 systemd
15:52:49
              total        used        free      shared  buff/cache   available
Mem:          465Mi       412Mi       7.0Mi       1.0Mi        45Mi        39Mi
Swap:         819Mi       209Mi       610Mi
      1 root      19   0 175016  1616 S  0.0  0.3    01:40:47

   3427 root      20   0  465540 157236   1180 R  30.0  33.0   0:07.60 bash
   3428 root      20   0  462900 155400   1180 R  30.0  32.6   0:07.62 bash
     74 root      20   0       0      0      0 S   5.0   0.0   0:05.82 kswapd0
      1 root      20   0  175016   1568   1024 S   0.0   0.3   0:01.21 systemd
      2 root      20   0       0      0      0 S   0.0   0.0   0:00.01 kthreadd
15:52:51
              total        used        free      shared  buff/cache   available
Mem:          465Mi       410Mi        10Mi       1.0Mi        43Mi        41Mi
Swap:         819Mi       249Mi       570Mi
      1 root      19   0 175016  1520 S  0.0  0.3    01:40:48

   3427 root      20   0  483492 157648   1180 R  41.2  33.1   0:08.21 bash
   3428 root      20   0  481248 156300   1180 R  41.2  32.8   0:08.24 bash
     74 root      20   0       0      0      0 S   5.9   0.0   0:05.85 kswapd0
      1 root      20   0  175016   1504    960 S   0.0   0.3   0:01.21 systemd
      2 root      20   0       0      0      0 S   0.0   0.0   0:00.01 kthreadd
15:52:53
              total        used        free      shared  buff/cache   available
Mem:          465Mi       409Mi        13Mi       1.0Mi        41Mi        42Mi
Swap:         819Mi       303Mi       516Mi
      1 root      19   0 175016  1424 S  0.0  0.2    01:40:50

   3427 root      20   0  513060 159204   1180 R  46.7  33.4   0:09.17 bash
   3428 root      20   0  510288 157976   1180 R  46.7  33.2   0:09.20 bash
      1 root      20   0  175016   1408    864 S   0.0   0.3   0:01.21 systemd
      2 root      20   0       0      0      0 S   0.0   0.0   0:00.01 kthreadd
      3 root       0 -20       0      0      0 I   0.0   0.0   0:00.00 rcu_gp
15:52:55
              total        used        free      shared  buff/cache   available
Mem:          465Mi       416Mi       7.0Mi       1.0Mi        41Mi        35Mi
Swap:         819Mi       352Mi       467Mi
      1 root      19   0 175016  1384 S  0.0  0.2    01:40:52

   3427 root      20   0  537348 158824   1180 R  37.5  33.3   0:09.96 bash
   3428 root      20   0  534576 157912   1180 R  37.5  33.2   0:09.99 bash
   1145 root      20   0  439120     68      0 S   6.2   0.0   0:03.53 VBoxDRMClient
      1 root      20   0  175016   1384    840 S   0.0   0.3   0:01.21 systemd
      2 root      20   0       0      0      0 S   0.0   0.0   0:00.01 kthreadd
15:52:58
              total        used        free      shared  buff/cache   available
Mem:          465Mi       413Mi       8.0Mi       1.0Mi        42Mi        38Mi
Swap:         819Mi       415Mi       404Mi
      1 root      19   0 175016  1176 S  0.0  0.2    01:40:55

   3428 root      20   0  572856 159764   1004 R  47.1  33.5   0:11.26 bash
   3427 root      20   0  575760 160884   1004 R  41.2  33.8   0:11.22 bash
   3686 root      20   0  275056   4448   3872 R   5.9   0.9   0:00.01 top
      1 root      20   0  175016   1176    632 S   0.0   0.2   0:01.21 systemd
      2 root      20   0       0      0      0 S   0.0   0.0   0:00.01 kthreadd
15:53:00
              total        used        free      shared  buff/cache   available
Mem:          465Mi       414Mi       7.0Mi       1.0Mi        43Mi        37Mi
Swap:         819Mi       474Mi       345Mi
      1 root      19   0 175016  1172 S  0.0  0.2    01:40:58

   3428 root      20   0  599124 160980   1004 R  44.4  33.8   0:12.13 bash
   3427 root      20   0  602292 161404   1004 R  38.9  33.9   0:12.08 bash
      1 root      20   0  175016   1172    632 S   0.0   0.2   0:01.21 systemd
      2 root      20   0       0      0      0 S   0.0   0.0   0:00.01 kthreadd
      3 root       0 -20       0      0      0 I   0.0   0.0   0:00.00 rcu_gp
15:53:02
              total        used        free      shared  buff/cache   available
Mem:          465Mi       413Mi        10Mi       1.0Mi        41Mi        38Mi
Swap:         819Mi       514Mi       305Mi
      1 root      19   0 175016  1156 S  0.0  0.2    01:40:59

   3427 root      20   0  622092 159524   1004 R  50.0  33.5   0:12.74 bash
   3428 root      20   0  618792 159172   1004 R  31.2  33.4   0:12.77 bash
     74 root      20   0       0      0      0 S   6.2   0.0   0:06.04 kswapd0
      1 root      20   0  175016   1144    632 S   0.0   0.2   0:01.21 systemd
      2 root      20   0       0      0      0 S   0.0   0.0   0:00.01 kthreadd
15:53:04
              total        used        free      shared  buff/cache   available
Mem:          465Mi       413Mi       9.0Mi       1.0Mi        42Mi        38Mi
Swap:         819Mi       565Mi       254Mi
      1 root      19   0 175016  2476 S  0.0  0.5    01:41:01

   3428 root      20   0  647172 155620   1076 R  50.0  32.7   0:13.72 bash
   3427 root      20   0  649944 154888   1076 R  37.5  32.5   0:13.64 bash
      1 root      20   0  175016   2476   1872 S   0.0   0.5   0:01.22 systemd
      2 root      20   0       0      0      0 S   0.0   0.0   0:00.01 kthreadd
      3 root       0 -20       0      0      0 I   0.0   0.0   0:00.00 rcu_gp
15:53:06
              total        used        free      shared  buff/cache   available
Mem:          465Mi       413Mi       6.0Mi       1.0Mi        44Mi        38Mi
Swap:         819Mi       612Mi       207Mi
      1 root      19   0 175016  2472 S  0.0  0.5    01:41:03

   3428 root      20   0  667764 157808   1076 R  44.4  33.1   0:14.40 bash
   3427 root      20   0  671328 158248   1076 R  38.9  33.2   0:14.34 bash
      1 root      20   0  175016   2472   1872 S   0.0   0.5   0:01.22 systemd
      2 root      20   0       0      0      0 S   0.0   0.0   0:00.01 kthreadd
      3 root       0 -20       0      0      0 I   0.0   0.0   0:00.00 rcu_gp
15:53:08
              total        used        free      shared  buff/cache   available
Mem:          465Mi       416Mi       7.0Mi       1.0Mi        40Mi        24Mi
Swap:         819Mi       659Mi       160Mi
      1 root      19   0 175016  2460 S  0.0  0.5    01:41:05

   3428 root      20   0  691656 159172   1076 R  38.9  33.4   0:15.18 bash
   3427 root      20   0  694824 159384   1076 R  27.8  33.5   0:15.10 bash
      1 root      20   0  175016   2460   1872 S   0.0   0.5   0:01.22 systemd
      2 root      20   0       0      0      0 S   0.0   0.0   0:00.01 kthreadd
      3 root       0 -20       0      0      0 I   0.0   0.0   0:00.00 rcu_gp
15:53:10
              total        used        free      shared  buff/cache   available
Mem:          465Mi       414Mi       9.0Mi       1.0Mi        40Mi        37Mi
Swap:         819Mi       711Mi       108Mi
      1 root      19   0 175016  1900 S  0.0  0.3    01:41:07

   3428 root      20   0  724656 162484   1052 R  33.3  34.1   0:16.28 bash
   3427 root      20   0  728484 163652   1052 R  20.8  34.4   0:16.21 bash
      1 root      20   0  175016   1444    920 S   0.0   0.3   0:01.22 systemd
      2 root      20   0       0      0      0 S   0.0   0.0   0:00.01 kthreadd
      3 root       0 -20       0      0      0 I   0.0   0.0   0:00.00 rcu_gp
15:53:13
              total        used        free      shared  buff/cache   available
Mem:          465Mi       416Mi       9.0Mi       1.0Mi        39Mi        35Mi
Swap:         819Mi       772Mi        47Mi
      1 root      19   0 175016  1404 S  0.0  0.2    01:41:10

   3427 root      20   0  758316 161848   1052 R  41.2  34.0   0:17.19 bash
   3428 root      20   0  752904 159664   1052 R  35.3  33.5   0:17.23 bash
     74 root      20   0       0      0      0 S   5.9   0.0   0:06.24 kswapd0
      1 root      20   0  175016   1360    836 S   0.0   0.3   0:01.22 systemd
      2 root      20   0       0      0      0 S   0.0   0.0   0:00.01 kthreadd
15:53:14
              total        used        free      shared  buff/cache   available
Mem:          465Mi       412Mi       9.0Mi       1.0Mi        43Mi        39Mi
Swap:         819Mi       815Mi       4.0Mi
      1 root      19   0 175016  1292 S  0.0  0.2    01:41:12

   3428 root      20   0  769932 158172   1052 R  37.5  33.2   0:17.80 bash
   3427 root      20   0  775344 160596   1052 R  31.2  33.7   0:17.75 bash
   1402 root      20   0  237576   1108   1100 R   6.2   0.2   0:00.38 bash
      1 root      20   0  175016   1288    768 S   0.0   0.3   0:01.22 systemd
      2 root      20   0       0      0      0 S   0.0   0.0   0:00.01 kthreadd
15:53:17
              total        used        free      shared  buff/cache   available
Mem:          465Mi       295Mi       122Mi       1.0Mi        46Mi       156Mi
Swap:         819Mi       450Mi       369Mi
      1 root      19   0 175016  2592 S  0.0  0.5    01:41:14

   3428 root      20   0  836592 224632   1664 R  88.2  47.2   0:20.01 bash
      1 root      20   0  175016   2592   2072 S   0.0   0.5   0:01.22 systemd
      2 root      20   0       0      0      0 S   0.0   0.0   0:00.01 kthreadd
      3 root       0 -20       0      0      0 I   0.0   0.0   0:00.00 rcu_gp
      4 root       0 -20       0      0      0 I   0.0   0.0   0:00.00 rcu_par_gp
15:53:19
              total        used        free      shared  buff/cache   available
Mem:          465Mi       342Mi        68Mi       1.0Mi        54Mi       109Mi
Swap:         819Mi       449Mi       370Mi
      1 root      19   0 175016  2592 S  0.0  0.5    01:41:16

   3428 root      20   0  870252 258160   1664 R  88.2  54.2   0:21.12 bash
      1 root      20   0  175016   2592   2072 S   0.0   0.5   0:01.22 systemd
      2 root      20   0       0      0      0 S   0.0   0.0   0:00.01 kthreadd
      3 root       0 -20       0      0      0 I   0.0   0.0   0:00.00 rcu_gp
      4 root       0 -20       0      0      0 I   0.0   0.0   0:00.00 rcu_par_gp
15:53:20
              total        used        free      shared  buff/cache   available
Mem:          465Mi       375Mi        32Mi       1.0Mi        56Mi        76Mi
Swap:         819Mi       449Mi       370Mi
      1 root      19   0 175016  2592 S  0.0  0.5    01:41:17

   3428 root      20   0  904440 292480   1664 R  82.4  61.4   0:22.23 bash
      1 root      20   0  175016   2592   2072 S   0.0   0.5   0:01.22 systemd
      2 root      20   0       0      0      0 S   0.0   0.0   0:00.01 kthreadd
      3 root       0 -20       0      0      0 I   0.0   0.0   0:00.00 rcu_gp
      4 root       0 -20       0      0      0 I   0.0   0.0   0:00.00 rcu_par_gp
15:53:21
              total        used        free      shared  buff/cache   available
Mem:          465Mi       400Mi       8.0Mi       1.0Mi        55Mi        51Mi
Swap:         819Mi       460Mi       359Mi
      1 root      19   0 175016  2592 S  0.0  0.5    01:41:19

   3428 root      20   0  939420 311332   1664 R  87.5  65.4   0:23.37 bash
     74 root      20   0       0      0      0 R   6.2   0.0   0:06.29 kswapd0
   3361 root      20   0       0      0      0 I   6.2   0.0   0:01.28 kworker/0:0-events
      1 root      20   0  175016   2592   2072 S   0.0   0.5   0:01.22 systemd
      2 root      20   0       0      0      0 S   0.0   0.0   0:00.01 kthreadd
15:53:23
              total        used        free      shared  buff/cache   available
Mem:          465Mi       405Mi       8.0Mi       1.0Mi        51Mi        46Mi
Swap:         819Mi       488Mi       331Mi
      1 root      19   0 175016  2592 S  0.0  0.5    01:41:20

   3428 root      20   0  972288 315008   1664 R  75.0  66.1   0:24.45 bash
     74 root      20   0       0      0      0 S   6.2   0.0   0:06.32 kswapd0
      1 root      20   0  175016   2592   2072 S   0.0   0.5   0:01.22 systemd
      2 root      20   0       0      0      0 S   0.0   0.0   0:00.01 kthreadd
      3 root       0 -20       0      0      0 I   0.0   0.0   0:00.00 rcu_gp
15:53:24
              total        used        free      shared  buff/cache   available
Mem:          465Mi       406Mi        11Mi       1.0Mi        46Mi        45Mi
Swap:         819Mi       521Mi       298Mi
      1 root      19   0 175016  2588 S  0.0  0.5    01:41:21

   3428 root      20   0 1005948 319424   1664 R  81.2  67.1   0:25.55 bash
      1 root      20   0  175016   2588   2072 S   0.0   0.5   0:01.22 systemd
      2 root      20   0       0      0      0 S   0.0   0.0   0:00.01 kthreadd
      3 root       0 -20       0      0      0 I   0.0   0.0   0:00.00 rcu_gp
      4 root       0 -20       0      0      0 I   0.0   0.0   0:00.00 rcu_par_gp
15:53:27
              total        used        free      shared  buff/cache   available
Mem:          465Mi       413Mi       8.0Mi       1.0Mi        43Mi        38Mi
Swap:         819Mi       592Mi       227Mi
      1 root      19   0 175016   716 S  0.0  0.1    01:41:25

   3428 root      20   0 1104420 316328    940 R  77.8  66.4   0:28.81 bash
     74 root      20   0       0      0      0 S   5.6   0.0   0:06.45 kswapd0
   3875 root      20   0  275056   4312   3732 R   5.6   0.9   0:00.01 top
      1 root      20   0  175016    648    280 S   0.0   0.1   0:01.22 systemd
      2 root      20   0       0      0      0 S   0.0   0.0   0:00.01 kthreadd
15:53:29
              total        used        free      shared  buff/cache   available
Mem:          465Mi       413Mi       9.0Mi       1.0Mi        42Mi        38Mi
Swap:         819Mi       650Mi       169Mi
      1 root      19   0 175016   576 S  0.0  0.1    01:41:27

   3428 root      20   0 1145604 319328    940 R  87.5  67.0   0:30.16 bash
     74 root      20   0       0      0      0 S   6.2   0.0   0:06.48 kswapd0
      1 root      20   0  175016    548    208 S   0.0   0.1   0:01.22 systemd
      2 root      20   0       0      0      0 S   0.0   0.0   0:00.01 kthreadd
      3 root       0 -20       0      0      0 I   0.0   0.0   0:00.00 rcu_gp
15:53:31
              total        used        free      shared  buff/cache   available
Mem:          465Mi       414Mi        10Mi       1.0Mi        40Mi        37Mi
Swap:         819Mi       690Mi       129Mi
      1 root      19   0 175016   532 S  0.0  0.1    01:41:28

   3428 root      20   0 1185072 317796    940 R  72.2  66.7   0:31.46 bash
     74 root      20   0       0      0      0 S   5.6   0.0   0:06.51 kswapd0
      1 root      20   0  175016    528    192 S   0.0   0.1   0:01.22 systemd
      2 root      20   0       0      0      0 S   0.0   0.0   0:00.01 kthreadd
      3 root       0 -20       0      0      0 I   0.0   0.0   0:00.00 rcu_gp
15:53:32
              total        used        free      shared  buff/cache   available
Mem:          465Mi       414Mi        12Mi       1.0Mi        38Mi        38Mi
Swap:         819Mi       730Mi        89Mi
      1 root      19   0 175016   516 S  0.0  0.1    01:41:30

   3428 root      20   0 1223088 319808    940 R  76.5  67.1   0:32.71 bash
     74 root      20   0       0      0      0 S   5.9   0.0   0:06.54 kswapd0
      1 root      20   0  175016    516    188 S   0.0   0.1   0:01.22 systemd
      2 root      20   0       0      0      0 S   0.0   0.0   0:00.01 kthreadd
      3 root       0 -20       0      0      0 I   0.0   0.0   0:00.00 rcu_gp
15:53:34
              total        used        free      shared  buff/cache   available
Mem:          465Mi       419Mi       7.0Mi       1.0Mi        38Mi        33Mi
Swap:         819Mi       761Mi        58Mi
      1 root      19   0 175016   508 S  0.0  0.1    01:41:31

   3428 root      20   0 1259784 319448    940 R  86.7  67.1   0:33.93 bash
      1 root      20   0  175016    504    180 S   0.0   0.1   0:01.22 systemd
      2 root      20   0       0      0      0 S   0.0   0.0   0:00.01 kthreadd
      3 root       0 -20       0      0      0 I   0.0   0.0   0:00.00 rcu_gp
      4 root       0 -20       0      0      0 I   0.0   0.0   0:00.00 rcu_par_gp
15:53:35
              total        used        free      shared  buff/cache   available
Mem:          465Mi       417Mi       9.0Mi       1.0Mi        38Mi        35Mi
Swap:         819Mi       806Mi        13Mi
      1 root      19   0 175016   496 S  0.0  0.1    01:41:33

   3428 root      20   0 1298856 317632    900 R  87.5  66.7   0:35.23 bash
     74 root      20   0       0      0      0 S   6.2   0.0   0:06.60 kswapd0
      1 root      20   0  175016    496    176 S   0.0   0.1   0:01.22 systemd
      2 root      20   0       0      0      0 S   0.0   0.0   0:00.01 kthreadd
      3 root       0 -20       0      0      0 I   0.0   0.0   0:00.00 rcu_gp
