
15:52:31
              total        used        free      shared  buff/cache   available
Mem:          465Mi       100Mi       291Mi       1.0Mi        73Mi       352Mi
Swap:         819Mi        79Mi       740Mi
      1 root      19   0 175016  3468 S  0.0  0.7    01:40:29

   3428 root      20   0  239820   5284   1724 R  47.1   1.1   0:00.10 bash
   3427 root      20   0  239820   5544   1724 R  41.2   1.2   0:00.09 bash
      1 root      20   0  175016   3468   2924 S   0.0   0.7   0:01.21 systemd
      2 root      20   0       0      0      0 S   0.0   0.0   0:00.01 kthreadd
      3 root       0 -20       0      0      0 I   0.0   0.0   0:00.00 rcu_gp
15:52:33
              total        used        free      shared  buff/cache   available
Mem:          465Mi       132Mi       258Mi       1.0Mi        73Mi       319Mi
Swap:         819Mi        79Mi       740Mi
      1 root      19   0 175016  3468 S  0.0  0.7    01:40:30

   3427 root      20   0  257112  22704   1724 R  35.3   4.8   0:00.67 bash
   3428 root      20   0  257376  22972   1724 R  35.3   4.8   0:00.68 bash
      1 root      20   0  175016   3468   2924 S   0.0   0.7   0:01.21 systemd
      2 root      20   0       0      0      0 S   0.0   0.0   0:00.01 kthreadd
      3 root       0 -20       0      0      0 I   0.0   0.0   0:00.00 rcu_gp
15:52:34
              total        used        free      shared  buff/cache   available
Mem:          465Mi       167Mi       223Mi       1.0Mi        73Mi       284Mi
Swap:         819Mi        79Mi       740Mi
      1 root      19   0 175016  3468 S  0.0  0.7    01:40:32

   3428 root      20   0  275460  40924   1724 R  44.4   8.6   0:01.29 bash
   3427 root      20   0  275460  41184   1724 R  38.9   8.6   0:01.28 bash
      1 root      20   0  175016   3468   2924 S   0.0   0.7   0:01.21 systemd
      2 root      20   0       0      0      0 S   0.0   0.0   0:00.01 kthreadd
      3 root       0 -20       0      0      0 I   0.0   0.0   0:00.00 rcu_gp
15:52:36
              total        used        free      shared  buff/cache   available
Mem:          465Mi       202Mi       188Mi       1.0Mi        73Mi       249Mi
Swap:         819Mi        79Mi       740Mi
      1 root      19   0 175016  3468 S  0.0  0.7    01:40:33

   3428 root      20   0  293280  58876   1724 R  44.4  12.4   0:01.89 bash
   3427 root      20   0  293016  58608   1724 R  33.3  12.3   0:01.87 bash
      1 root      20   0  175016   3468   2924 S   0.0   0.7   0:01.21 systemd
      2 root      20   0       0      0      0 S   0.0   0.0   0:00.01 kthreadd
      3 root       0 -20       0      0      0 I   0.0   0.0   0:00.00 rcu_gp
15:52:37
              total        used        free      shared  buff/cache   available
Mem:          465Mi       237Mi       154Mi       1.0Mi        73Mi       214Mi
Swap:         819Mi        79Mi       740Mi
      1 root      19   0 175016  3468 S  0.0  0.7    01:40:34

   3427 root      20   0  311628  77088   1724 R  52.6  16.2   0:02.49 bash
   3428 root      20   0  310308  76036   1724 R  31.6  16.0   0:02.48 bash
      1 root      20   0  175016   3468   2924 S   0.0   0.7   0:01.21 systemd
      2 root      20   0       0      0      0 S   0.0   0.0   0:00.01 kthreadd
      3 root       0 -20       0      0      0 I   0.0   0.0   0:00.00 rcu_gp
15:52:38
              total        used        free      shared  buff/cache   available
Mem:          465Mi       272Mi       119Mi       1.0Mi        73Mi       179Mi
Swap:         819Mi        79Mi       740Mi
      1 root      19   0 175016  3468 S  0.0  0.7    01:40:36

   3427 root      20   0  328920  94512   1724 R  47.1  19.8   0:03.07 bash
   3428 root      20   0  328128  93724   1724 R  47.1  19.7   0:03.09 bash
   1402 root      20   0  237576   3756   2424 S   5.9   0.8   0:00.37 bash
      1 root      20   0  175016   3468   2924 S   0.0   0.7   0:01.21 systemd
      2 root      20   0       0      0      0 S   0.0   0.0   0:00.01 kthreadd
15:52:40
              total        used        free      shared  buff/cache   available
Mem:          465Mi       306Mi        84Mi       1.0Mi        73Mi       145Mi
Swap:         819Mi        79Mi       740Mi
      1 root      19   0 175016  3468 S  0.0  0.7    01:40:37

   3428 root      20   0  345948 111412   1724 R  44.4  23.4   0:03.68 bash
   3427 root      20   0  346740 112464   1724 R  38.9  23.6   0:03.66 bash
      1 root      20   0  175016   3468   2924 S   0.0   0.7   0:01.21 systemd
      2 root      20   0       0      0      0 S   0.0   0.0   0:00.01 kthreadd
      3 root       0 -20       0      0      0 I   0.0   0.0   0:00.00 rcu_gp
15:52:41
              total        used        free      shared  buff/cache   available
Mem:          465Mi       341Mi        49Mi       1.0Mi        73Mi       110Mi
Swap:         819Mi        79Mi       740Mi
      1 root      19   0 175016  3468 S  0.0  0.7    01:40:39

   3427 root      20   0  364428 130152   1724 R  47.1  27.3   0:04.26 bash
   3428 root      20   0  363108 128836   1724 R  47.1  27.0   0:04.26 bash
      1 root      20   0  175016   3468   2924 S   0.0   0.7   0:01.21 systemd
      2 root      20   0       0      0      0 S   0.0   0.0   0:00.01 kthreadd
      3 root       0 -20       0      0      0 I   0.0   0.0   0:00.00 rcu_gp
15:52:42
              total        used        free      shared  buff/cache   available
Mem:          465Mi       376Mi        14Mi       1.0Mi        73Mi        71Mi
Swap:         819Mi        79Mi       740Mi
      1 root      19   0 175016  3468 S  0.0  0.7    01:40:40

   3427 root      20   0  382248 147840   1724 R  37.5  31.0   0:04.84 bash
   3428 root      20   0  381060 146788   1724 R  37.5  30.8   0:04.86 bash
      1 root      20   0  175016   3468   2924 S   0.0   0.7   0:01.21 systemd
      2 root      20   0       0      0      0 S   0.0   0.0   0:00.01 kthreadd
      3 root       0 -20       0      0      0 I   0.0   0.0   0:00.00 rcu_gp
15:52:45
              total        used        free      shared  buff/cache   available
Mem:          465Mi       408Mi       9.0Mi       1.0Mi        47Mi        32Mi
Swap:         819Mi       123Mi       696Mi
      1 root      19   0 175016  1904 S  0.0  0.3    01:40:43

   3427 root      20   0  429768 159136   1180 R  52.9  33.4   0:06.41 bash
   3428 root      20   0  427656 157048   1180 R  35.3  33.0   0:06.42 bash
      1 root      20   0  175016   1816   1272 S   0.0   0.4   0:01.21 systemd
      2 root      20   0       0      0      0 S   0.0   0.0   0:00.01 kthreadd
      3 root       0 -20       0      0      0 I   0.0   0.0   0:00.00 rcu_gp
15:52:48
              total        used        free      shared  buff/cache   available
Mem:          465Mi       406Mi       8.0Mi       1.0Mi        49Mi        45Mi
Swap:         819Mi       181Mi       638Mi
      1 root      19   0 175016  1732 S  0.0  0.3    01:40:45

   3427 root      20   0  447852 157344   1180 R  35.3  33.0   0:07.01 bash
   3428 root      20   0  445344 155320   1180 R  23.5  32.6   0:07.02 bash
     34 root       0 -20       0      0      0 I  11.8   0.0   0:02.89 kworker/0:1H-kblockd
      1 root      20   0  175016   1704   1160 S   0.0   0.4   0:01.21 systemd
      2 root      20   0       0      0      0 S   0.0   0.0   0:00.01 kthreadd
15:52:49
              total        used        free      shared  buff/cache   available
Mem:          465Mi       412Mi       7.0Mi       1.0Mi        45Mi        39Mi
Swap:         819Mi       209Mi       610Mi
      1 root      19   0 175016  1616 S  0.0  0.3    01:40:47

   3427 root      20   0  465540 157236   1180 R  30.0  33.0   0:07.60 bash
   3428 root      20   0  462900 155400   1180 R  30.0  32.6   0:07.62 bash
     74 root      20   0       0      0      0 S   5.0   0.0   0:05.82 kswapd0
      1 root      20   0  175016   1568   1024 S   0.0   0.3   0:01.21 systemd
      2 root      20   0       0      0      0 S   0.0   0.0   0:00.01 kthreadd
15:52:51
              total        used        free      shared  buff/cache   available
Mem:          465Mi       409Mi        11Mi       1.0Mi        43Mi        42Mi
Swap:         819Mi       249Mi       570Mi
      1 root      19   0 175016  1520 S  0.0  0.3    01:40:48

   3427 root      20   0  483492 157648   1180 R  43.8  33.1   0:08.21 bash
   3428 root      20   0  481248 156300   1180 R  43.8  32.8   0:08.24 bash
     74 root      20   0       0      0      0 S   6.2   0.0   0:05.85 kswapd0
      1 root      20   0  175016   1504    960 S   0.0   0.3   0:01.21 systemd
      2 root      20   0       0      0      0 S   0.0   0.0   0:00.01 kthreadd
15:52:53
              total        used        free      shared  buff/cache   available
Mem:          465Mi       409Mi        13Mi       1.0Mi        41Mi        42Mi
Swap:         819Mi       303Mi       516Mi
      1 root      19   0 175016  1424 S  0.0  0.2    01:40:50

   3427 root      20   0  513060 159204   1180 R  46.7  33.4   0:09.17 bash
   3428 root      20   0  510288 157976   1180 R  46.7  33.2   0:09.20 bash
      1 root      20   0  175016   1408    864 S   0.0   0.3   0:01.21 systemd
      2 root      20   0       0      0      0 S   0.0   0.0   0:00.01 kthreadd
      3 root       0 -20       0      0      0 I   0.0   0.0   0:00.00 rcu_gp
15:52:55
              total        used        free      shared  buff/cache   available
Mem:          465Mi       416Mi       7.0Mi       1.0Mi        41Mi        31Mi
Swap:         819Mi       352Mi       467Mi
      1 root      19   0 175016  1384 S  0.0  0.2    01:40:52

   3427 root      20   0  537348 158824   1180 R  40.0  33.3   0:09.96 bash
   3428 root      20   0  534576 157912   1180 R  40.0  33.2   0:09.99 bash
   1145 root      20   0  439120     68      0 S   6.7   0.0   0:03.53 VBoxDRMClient
      1 root      20   0  175016   1384    840 S   0.0   0.3   0:01.21 systemd
      2 root      20   0       0      0      0 S   0.0   0.0   0:00.01 kthreadd
15:52:58
              total        used        free      shared  buff/cache   available
Mem:          465Mi       413Mi       8.0Mi       1.0Mi        42Mi        38Mi
Swap:         819Mi       415Mi       404Mi
      1 root      19   0 175016  1176 S  0.0  0.2    01:40:55

   3428 root      20   0  572856 159764   1004 R  47.1  33.5   0:11.26 bash
   3427 root      20   0  575760 160884   1004 R  41.2  33.8   0:11.22 bash
   3686 root      20   0       0      0      0 Z   5.9   0.0   0:00.01 top
      1 root      20   0  175016   1176    632 S   0.0   0.2   0:01.21 systemd
      2 root      20   0       0      0      0 S   0.0   0.0   0:00.01 kthreadd
15:53:00
              total        used        free      shared  buff/cache   available
Mem:          465Mi       414Mi       7.0Mi       1.0Mi        43Mi        38Mi
Swap:         819Mi       474Mi       345Mi
      1 root      19   0 175016  1172 S  0.0  0.2    01:40:58

   3427 root      20   0  602292 161404   1004 R  47.1  33.9   0:12.08 bash
   3428 root      20   0  598596 160452   1004 R  35.3  33.7   0:12.11 bash
      1 root      20   0  175016   1172    632 S   0.0   0.2   0:01.21 systemd
      2 root      20   0       0      0      0 S   0.0   0.0   0:00.01 kthreadd
      3 root       0 -20       0      0      0 I   0.0   0.0   0:00.00 rcu_gp
15:53:02
              total        used        free      shared  buff/cache   available
Mem:          465Mi       414Mi       9.0Mi       1.0Mi        41Mi        37Mi
Swap:         819Mi       514Mi       305Mi
      1 root      19   0 175016  1156 S  0.0  0.2    01:40:59

   3427 root      20   0  622092 159524   1004 R  50.0  33.5   0:12.74 bash
   3428 root      20   0  618792 159172   1004 R  31.2  33.4   0:12.77 bash
     74 root      20   0       0      0      0 S   6.2   0.0   0:06.04 kswapd0
      1 root      20   0  175016   1144    632 S   0.0   0.2   0:01.21 systemd
      2 root      20   0       0      0      0 S   0.0   0.0   0:00.01 kthreadd
15:53:04
              total        used        free      shared  buff/cache   available
Mem:          465Mi       413Mi       9.0Mi       1.0Mi        42Mi        38Mi
Swap:         819Mi       565Mi       254Mi
      1 root      19   0 175016  2476 S  0.0  0.5    01:41:01

   3428 root      20   0  647172 155620   1076 R  47.1  32.7   0:13.72 bash
   3427 root      20   0  649944 154888   1076 R  35.3  32.5   0:13.64 bash
      1 root      20   0  175016   2476   1872 S   0.0   0.5   0:01.22 systemd
      2 root      20   0       0      0      0 S   0.0   0.0   0:00.01 kthreadd
      3 root       0 -20       0      0      0 I   0.0   0.0   0:00.00 rcu_gp
15:53:06
              total        used        free      shared  buff/cache   available
Mem:          465Mi       414Mi       6.0Mi       1.0Mi        44Mi        38Mi
Swap:         819Mi       612Mi       207Mi
      1 root      19   0 175016  2476 S  0.0  0.5    01:41:03

   3428 root      20   0  667764 157808   1076 R  47.1  33.1   0:14.40 bash
   3427 root      20   0  671328 158248   1076 R  41.2  33.2   0:14.34 bash
      1 root      20   0  175016   2472   1872 S   0.0   0.5   0:01.22 systemd
      2 root      20   0       0      0      0 S   0.0   0.0   0:00.01 kthreadd
      3 root       0 -20       0      0      0 I   0.0   0.0   0:00.00 rcu_gp
15:53:08
              total        used        free      shared  buff/cache   available
Mem:          465Mi       417Mi       7.0Mi       1.0Mi        40Mi        24Mi
Swap:         819Mi       659Mi       160Mi
      1 root      19   0 175016  2460 S  0.0  0.5    01:41:05

   3427 root      20   0  695352 159784   1076 R  33.3  33.5   0:15.12 bash
   3428 root      20   0  691656 158924   1076 R  33.3  33.4   0:15.18 bash
      1 root      20   0  175016   2460   1872 S   0.0   0.5   0:01.22 systemd
      2 root      20   0       0      0      0 S   0.0   0.0   0:00.01 kthreadd
      3 root       0 -20       0      0      0 I   0.0   0.0   0:00.00 rcu_gp
15:53:10
              total        used        free      shared  buff/cache   available
Mem:          465Mi       414Mi       9.0Mi       1.0Mi        40Mi        37Mi
Swap:         819Mi       711Mi       108Mi
      1 root      19   0 175016  1900 S  0.0  0.3    01:41:07

   3428 root      20   0  724656 162484   1052 R  32.0  34.1   0:16.28 bash
   3427 root      20   0  728484 163652   1052 R  20.0  34.4   0:16.21 bash
      1 root      20   0  175016   1444    920 S   0.0   0.3   0:01.22 systemd
      2 root      20   0       0      0      0 S   0.0   0.0   0:00.01 kthreadd
      3 root       0 -20       0      0      0 I   0.0   0.0   0:00.00 rcu_gp
15:53:13
              total        used        free      shared  buff/cache   available
Mem:          465Mi       416Mi       9.0Mi       1.0Mi        39Mi        36Mi
Swap:         819Mi       772Mi        47Mi
      1 root      19   0 175016  1404 S  0.0  0.2    01:41:10

   3427 root      20   0  758316 161848   1052 R  41.2  34.0   0:17.19 bash
   3428 root      20   0  752904 159664   1052 R  35.3  33.5   0:17.23 bash
     74 root      20   0       0      0      0 S   5.9   0.0   0:06.24 kswapd0
      1 root      20   0  175016   1360    836 S   0.0   0.3   0:01.22 systemd
      2 root      20   0       0      0      0 S   0.0   0.0   0:00.01 kthreadd
15:53:14
              total        used        free      shared  buff/cache   available
Mem:          465Mi       412Mi       9.0Mi       1.0Mi        43Mi        39Mi
Swap:         819Mi       815Mi       4.0Mi
      1 root      19   0 175016  1292 S  0.0  0.2    01:41:12

   3428 root      20   0  769932 158172   1052 R  37.5  33.2   0:17.80 bash
   3427 root      20   0  775344 160596   1052 R  31.2  33.7   0:17.75 bash
     34 root       0 -20       0      0      0 I   6.2   0.0   0:03.08 kworker/0:1H-kblockd
   1402 root      20   0  237576   1108   1100 R   6.2   0.2   0:00.38 bash
      1 root      20   0  175016   1288    768 S   0.0   0.3   0:01.22 systemd
