
15:36:55
              total        used        free      shared  buff/cache   available
Mem:          465Mi       212Mi       180Mi       1.0Mi        73Mi       239Mi
Swap:         819Mi        78Mi       741Mi
      1 root      19   0 175016  2108 S  0.0  0.4    01:24:53

   3084 root      20   0  356904 122552   1720 R  87.5  25.7   0:04.40 bash
      1 root      20   0  175016   2108   1804 S   0.0   0.4   0:01.20 systemd
      2 root      20   0       0      0      0 S   0.0   0.0   0:00.01 kthreadd
      3 root       0 -20       0      0      0 I   0.0   0.0   0:00.00 rcu_gp
      4 root       0 -20       0      0      0 I   0.0   0.0   0:00.00 rcu_par_gp
15:36:57
              total        used        free      shared  buff/cache   available
Mem:          465Mi       241Mi       150Mi       1.0Mi        73Mi       210Mi
Swap:         819Mi        78Mi       741Mi
      1 root      19   0 175016  2108 S  0.0  0.4    01:24:54

   3084 root      20   0  387528 153176   1720 R  77.8  32.2   0:05.54 bash
      1 root      20   0  175016   2108   1804 S   0.0   0.4   0:01.20 systemd
      2 root      20   0       0      0      0 S   0.0   0.0   0:00.01 kthreadd
      3 root       0 -20       0      0      0 I   0.0   0.0   0:00.00 rcu_gp
      4 root       0 -20       0      0      0 I   0.0   0.0   0:00.00 rcu_par_gp
15:36:58
              total        used        free      shared  buff/cache   available
Mem:          465Mi       269Mi       122Mi       1.0Mi        73Mi       182Mi
Swap:         819Mi        78Mi       741Mi
      1 root      19   0 175016  2108 S  0.0  0.4    01:24:56

   3084 root      20   0  415116 180632   1720 R  76.5  37.9   0:06.65 bash
      1 root      20   0  175016   2108   1804 S   0.0   0.4   0:01.20 systemd
      2 root      20   0       0      0      0 S   0.0   0.0   0:00.01 kthreadd
      3 root       0 -20       0      0      0 I   0.0   0.0   0:00.00 rcu_gp
      4 root       0 -20       0      0      0 I   0.0   0.0   0:00.00 rcu_par_gp
15:36:59
              total        used        free      shared  buff/cache   available
Mem:          465Mi       294Mi        97Mi       1.0Mi        73Mi       157Mi
Swap:         819Mi        78Mi       741Mi
      1 root      19   0 175016  2108 S  0.0  0.4    01:24:57

   3084 root      20   0  441516 207032   1720 R  87.5  43.5   0:07.75 bash
      1 root      20   0  175016   2108   1804 S   0.0   0.4   0:01.20 systemd
      2 root      20   0       0      0      0 S   0.0   0.0   0:00.01 kthreadd
      3 root       0 -20       0      0      0 I   0.0   0.0   0:00.00 rcu_gp
      4 root       0 -20       0      0      0 I   0.0   0.0   0:00.00 rcu_par_gp
15:37:01
              total        used        free      shared  buff/cache   available
Mem:          465Mi       324Mi        67Mi       1.0Mi        73Mi       127Mi
Swap:         819Mi        78Mi       741Mi
      1 root      19   0 175016  2108 S  0.0  0.4    01:24:58

   3084 root      20   0  472272 237920   1720 R  77.8  49.9   0:08.86 bash
      1 root      20   0  175016   2108   1804 S   0.0   0.4   0:01.20 systemd
      2 root      20   0       0      0      0 S   0.0   0.0   0:00.01 kthreadd
      3 root       0 -20       0      0      0 I   0.0   0.0   0:00.00 rcu_gp
      4 root       0 -20       0      0      0 I   0.0   0.0   0:00.00 rcu_par_gp
15:37:02
              total        used        free      shared  buff/cache   available
Mem:          465Mi       351Mi        41Mi       1.0Mi        73Mi       101Mi
Swap:         819Mi        78Mi       741Mi
      1 root      19   0 175016  2108 S  0.0  0.4    01:24:59

   3084 root      20   0  499332 264848   1720 R  88.2  55.6   0:09.94 bash
      1 root      20   0  175016   2108   1804 S   0.0   0.4   0:01.20 systemd
      2 root      20   0       0      0      0 S   0.0   0.0   0:00.01 kthreadd
      3 root       0 -20       0      0      0 I   0.0   0.0   0:00.00 rcu_gp
      4 root       0 -20       0      0      0 I   0.0   0.0   0:00.00 rcu_par_gp
15:37:03
              total        used        free      shared  buff/cache   available
Mem:          465Mi       379Mi        13Mi       1.0Mi        72Mi        60Mi
Swap:         819Mi        78Mi       741Mi
      1 root      19   0 175016  2108 S  0.0  0.4    01:25:01

   3084 root      20   0  528636 294152   1720 R  83.3  61.8   0:11.07 bash
     10 root      20   0       0      0      0 S   5.6   0.0   0:00.28 ksoftirqd/0
   2699 root      20   0       0      0      0 I   5.6   0.0   0:02.11 kworker/0:1-events
      1 root      20   0  175016   2108   1804 S   0.0   0.4   0:01.20 systemd
      2 root      20   0       0      0      0 S   0.0   0.0   0:00.01 kthreadd
15:37:06
              total        used        free      shared  buff/cache   available
Mem:          465Mi       408Mi       8.0Mi       1.0Mi        47Mi        43Mi
Swap:         819Mi       118Mi       701Mi
      1 root      19   0 175016  1100 S  0.0  0.2    01:25:04

   3084 root      20   0  610344 308144   1512 R  82.4  64.7   0:13.99 bash
     74 root      20   0       0      0      0 S   5.9   0.0   0:05.04 kswapd0
    958 root      20   0   94448   3108   2208 S   5.9   0.7   0:00.63 systemd-logind
      1 root      20   0  175016   1064    760 S   0.0   0.2   0:01.20 systemd
      2 root      20   0       0      0      0 S   0.0   0.0   0:00.01 kthreadd
15:37:08
              total        used        free      shared  buff/cache   available
Mem:          465Mi       405Mi       8.0Mi       1.0Mi        51Mi        46Mi
Swap:         819Mi       180Mi       639Mi
      1 root      19   0 175016   932 S  0.0  0.1    01:25:06

   3084 root      20   0  659052 313728   1452 R  82.4  65.9   0:15.66 bash
     74 root      20   0       0      0      0 S   5.9   0.0   0:05.07 kswapd0
      1 root      20   0  175016    916    612 S   0.0   0.2   0:01.20 systemd
      2 root      20   0       0      0      0 S   0.0   0.0   0:00.01 kthreadd
      3 root       0 -20       0      0      0 I   0.0   0.0   0:00.00 rcu_gp
15:37:10
              total        used        free      shared  buff/cache   available
Mem:          465Mi       406Mi        13Mi       1.0Mi        45Mi        45Mi
Swap:         819Mi       218Mi       601Mi
      1 root      19   0 175016   788 S  0.0  0.1    01:25:08

   3084 root      20   0  694428 317824   1416 R  99.9  66.7   0:16.98 bash
      1 root      20   0  175016    788    484 S   0.0   0.2   0:01.20 systemd
      2 root      20   0       0      0      0 S   0.0   0.0   0:00.01 kthreadd
      3 root       0 -20       0      0      0 I   0.0   0.0   0:00.00 rcu_gp
      4 root       0 -20       0      0      0 I   0.0   0.0   0:00.00 rcu_par_gp
15:37:12
              total        used        free      shared  buff/cache   available
Mem:          465Mi       411Mi        10Mi       1.0Mi        43Mi        41Mi
Swap:         819Mi       239Mi       580Mi
      1 root      19   0 175016   696 S  0.0  0.1    01:25:09

   3084 root      20   0  718188 315668   1412 R  66.7  66.3   0:18.06 bash
     74 root      20   0       0      0      0 S   6.7   0.0   0:05.13 kswapd0
      1 root      20   0  175016    676    372 S   0.0   0.1   0:01.20 systemd
      2 root      20   0       0      0      0 S   0.0   0.0   0:00.01 kthreadd
      3 root       0 -20       0      0      0 I   0.0   0.0   0:00.00 rcu_gp
15:37:13
              total        used        free      shared  buff/cache   available
Mem:          465Mi       410Mi        10Mi       1.0Mi        44Mi        42Mi
Swap:         819Mi       270Mi       549Mi
      1 root      19   0 175016   608 S  0.0  0.1    01:25:11

   3084 root      20   0  748284 311244   1412 R  75.0  65.3   0:19.28 bash
     74 root      20   0       0      0      0 S   6.2   0.0   0:05.16 kswapd0
      1 root      20   0  175016    600    296 S   0.0   0.1   0:01.20 systemd
      2 root      20   0       0      0      0 S   0.0   0.0   0:00.01 kthreadd
      3 root       0 -20       0      0      0 I   0.0   0.0   0:00.00 rcu_gp
15:37:15
              total        used        free      shared  buff/cache   available
Mem:          465Mi       412Mi       9.0Mi       1.0Mi        42Mi        28Mi
Swap:         819Mi       315Mi       504Mi
      1 root      19   0 175016   572 S  0.0  0.1    01:25:13

   3084 root      20   0  800424 316192   1400 R  82.4  66.4   0:21.16 bash
      1 root      20   0  175016    572    268 S   0.0   0.1   0:01.20 systemd
      2 root      20   0       0      0      0 S   0.0   0.0   0:00.01 kthreadd
      3 root       0 -20       0      0      0 I   0.0   0.0   0:00.00 rcu_gp
      4 root       0 -20       0      0      0 I   0.0   0.0   0:00.00 rcu_par_gp
15:37:17
              total        used        free      shared  buff/cache   available
Mem:          465Mi       415Mi       8.0Mi       0.0Ki        42Mi        33Mi
Swap:         819Mi       355Mi       464Mi
      1 root      19   0 175016   460 S  0.0  0.0    01:25:15

   3084 root      20   0  835932 314892   1380 R  73.7  66.1   0:22.46 bash
      1 root      20   0  175016    460    156 S   0.0   0.1   0:01.20 systemd
      2 root      20   0       0      0      0 S   0.0   0.0   0:00.01 kthreadd
      3 root       0 -20       0      0      0 I   0.0   0.0   0:00.00 rcu_gp
      4 root       0 -20       0      0      0 I   0.0   0.0   0:00.00 rcu_par_gp
15:37:19
              total        used        free      shared  buff/cache   available
Mem:          465Mi       419Mi       6.0Mi       0.0Ki        38Mi        32Mi
Swap:         819Mi       395Mi       424Mi
      1 root      19   0 175016   304 S  0.0  0.0    01:25:17

   3084 root      20   0  905100 323852   1192 R  66.7  68.0   0:25.21 bash
   1149 root      20   0  549404     92      0 S   4.8   0.0   0:01.81 VBoxService
      1 root      20   0  175016    304      0 S   0.0   0.1   0:01.20 systemd
      2 root      20   0       0      0      0 S   0.0   0.0   0:00.01 kthreadd
      3 root       0 -20       0      0      0 I   0.0   0.0   0:00.00 rcu_gp
15:37:22
              total        used        free      shared  buff/cache   available
Mem:          465Mi       413Mi       6.0Mi       0.0Ki        45Mi        38Mi
Swap:         819Mi       454Mi       365Mi
      1 root      19   0 175016   304 S  0.0  0.0    01:25:20

   3084 root      20   0  949584 323564   1192 R  82.4  67.9   0:26.77 bash
      1 root      20   0  175016    304      0 S   0.0   0.1   0:01.20 systemd
      2 root      20   0       0      0      0 S   0.0   0.0   0:00.01 kthreadd
      3 root       0 -20       0      0      0 I   0.0   0.0   0:00.00 rcu_gp
      4 root       0 -20       0      0      0 I   0.0   0.0   0:00.00 rcu_par_gp
15:37:24
              total        used        free      shared  buff/cache   available
Mem:          465Mi       416Mi       5.0Mi       0.0Ki        43Mi        35Mi
Swap:         819Mi       484Mi       335Mi
      1 root      19   0 175016   304 S  0.0  0.0    01:25:22

   3084 root      20   0  979284 319064   1192 R  88.2  67.0   0:27.89 bash
      1 root      20   0  175016    304      0 S   0.0   0.1   0:01.20 systemd
      2 root      20   0       0      0      0 S   0.0   0.0   0:00.01 kthreadd
      3 root       0 -20       0      0      0 I   0.0   0.0   0:00.00 rcu_gp
      4 root       0 -20       0      0      0 I   0.0   0.0   0:00.00 rcu_par_gp
15:37:26
              total        used        free      shared  buff/cache   available
Mem:          465Mi       414Mi        10Mi       0.0Ki        40Mi        37Mi
Swap:         819Mi       525Mi       294Mi
      1 root      19   0 175016   304 S  0.0  0.0    01:25:23

   3084 root      20   0 1017168 319236   1172 R  76.5  67.0   0:29.22 bash
     74 root      20   0       0      0      0 S   5.9   0.0   0:05.41 kswapd0
      1 root      20   0  175016    304      0 S   0.0   0.1   0:01.20 systemd
      2 root      20   0       0      0      0 S   0.0   0.0   0:00.01 kthreadd
      3 root       0 -20       0      0      0 I   0.0   0.0   0:00.00 rcu_gp
15:37:27
              total        used        free      shared  buff/cache   available
Mem:          465Mi       416Mi       9.0Mi       0.0Ki        38Mi        35Mi
Swap:         819Mi       553Mi       266Mi
      1 root      19   0 175016   304 S  0.0  0.0    01:25:24

   3084 root      20   0 1044360 322260   1172 R  64.7  67.7   0:30.30 bash
      1 root      20   0  175016    304      0 S   0.0   0.1   0:01.20 systemd
      2 root      20   0       0      0      0 S   0.0   0.0   0:00.01 kthreadd
      3 root       0 -20       0      0      0 I   0.0   0.0   0:00.00 rcu_gp
      4 root       0 -20       0      0      0 I   0.0   0.0   0:00.00 rcu_par_gp
15:37:28
              total        used        free      shared  buff/cache   available
Mem:          465Mi       417Mi       8.0Mi       0.0Ki        39Mi        34Mi
Swap:         819Mi       583Mi       236Mi
      1 root      19   0 175016   304 S  0.0  0.0    01:25:26

   3084 root      20   0 1076040 320260   1172 R  76.5  67.2   0:31.48 bash
      1 root      20   0  175016    304      0 S   0.0   0.1   0:01.20 systemd
      2 root      20   0       0      0      0 S   0.0   0.0   0:00.01 kthreadd
      3 root       0 -20       0      0      0 I   0.0   0.0   0:00.00 rcu_gp
      4 root       0 -20       0      0      0 I   0.0   0.0   0:00.00 rcu_par_gp
15:37:30
              total        used        free      shared  buff/cache   available
Mem:          465Mi       414Mi        11Mi       0.0Ki        39Mi        38Mi
Swap:         819Mi       607Mi       212Mi
      1 root      19   0 175016   304 S  0.0  0.0    01:25:27

   3084 root      20   0 1096500 317568   1172 R  75.0  66.7   0:32.60 bash
     74 root      20   0       0      0      0 S   6.2   0.0   0:05.49 kswapd0
      1 root      20   0  175016    304      0 S   0.0   0.1   0:01.20 systemd
      2 root      20   0       0      0      0 S   0.0   0.0   0:00.01 kthreadd
      3 root       0 -20       0      0      0 I   0.0   0.0   0:00.00 rcu_gp
15:37:31
              total        used        free      shared  buff/cache   available
Mem:          465Mi       418Mi       7.0Mi       0.0Ki        38Mi        33Mi
Swap:         819Mi       632Mi       187Mi
      1 root      19   0 175016   304 S  0.0  0.0    01:25:29

   3084 root      20   0 1126464 321432   1172 R  81.2  67.5   0:33.83 bash
      1 root      20   0  175016    304      0 S   0.0   0.1   0:01.20 systemd
      2 root      20   0       0      0      0 S   0.0   0.0   0:00.01 kthreadd
      3 root       0 -20       0      0      0 I   0.0   0.0   0:00.00 rcu_gp
      4 root       0 -20       0      0      0 I   0.0   0.0   0:00.00 rcu_par_gp
15:37:33
              total        used        free      shared  buff/cache   available
Mem:          465Mi       417Mi       9.0Mi       0.0Ki        38Mi        30Mi
Swap:         819Mi       665Mi       154Mi
      1 root      19   0 175016   304 S  0.0  0.0    01:25:30

   3084 root      20   0 1156692 318204   1172 R  75.0  66.8   0:34.96 bash
     74 root      20   0       0      0      0 S   5.0   0.0   0:05.55 kswapd0
      1 root      20   0  175016    304      0 S   0.0   0.1   0:01.20 systemd
      2 root      20   0       0      0      0 S   0.0   0.0   0:00.01 kthreadd
      3 root       0 -20       0      0      0 I   0.0   0.0   0:00.00 rcu_gp
15:37:35
              total        used        free      shared  buff/cache   available
Mem:          465Mi       414Mi        10Mi       0.0Ki        40Mi        37Mi
Swap:         819Mi       724Mi        95Mi
      1 root      19   0 175016   276 S  0.0  0.0    01:25:34

   3084 root      20   0 1248696 318900    936 R  83.3  66.9   0:38.54 bash
     10 root      20   0       0      0      0 R   5.6   0.0   0:00.30 ksoftirqd/0
     74 root      20   0       0      0      0 S   5.6   0.0   0:05.64 kswapd0
      1 root      20   0  175016    276      0 S   0.0   0.1   0:01.20 systemd
      2 root      20   0       0      0      0 S   0.0   0.0   0:00.01 kthreadd
15:37:39
              total        used        free      shared  buff/cache   available
Mem:          465Mi       413Mi       8.0Mi       0.0Ki        43Mi        39Mi
Swap:         819Mi       786Mi        33Mi
      1 root      19   0 175016   268 S  0.0  0.0    01:25:36

   3084 root      20   0 1284336 323772    976 R  75.0  68.0   0:39.84 bash
     34 root       0 -20       0      0      0 I   6.2   0.0   0:02.67 kworker/0:1H-kblockd
     74 root      20   0       0      0      0 S   6.2   0.0   0:05.67 kswapd0
      1 root      20   0  175016    268      0 S   0.0   0.1   0:01.20 systemd
      2 root      20   0       0      0      0 S   0.0   0.0   0:00.01 kthreadd
15:37:40
              total        used        free      shared  buff/cache   available
Mem:          465Mi       416Mi       8.0Mi       0.0Ki        39Mi        35Mi
Swap:         819Mi       819Mi          0B
      1 root      19   0 175016   260 S  0.0  0.0    01:25:38

      1 root      20   0  175016   1140    856 S   0.0   0.2   0:01.20 systemd
      2 root      20   0       0      0      0 S   0.0   0.0   0:00.01 kthreadd
      3 root       0 -20       0      0      0 I   0.0   0.0   0:00.00 rcu_gp
      4 root       0 -20       0      0      0 I   0.0   0.0   0:00.00 rcu_par_gp
      6 root       0 -20       0      0      0 I   0.0   0.0   0:00.00 kworker/0:0H-events_highpri
